// Jest Snapshot v1, https://goo.gl/fbAQLP

exports[`Columns and rows should work together 1`] = `
"Some text+++++++++++++++++++++++++++++++++++++++++
Column A++++++++Column B++++++++Column C++++++++++
Other text++++++++++++++++++++++++++++++++++++++++
"
`;

exports[`Columns should work nested within other columns 1`] = `
"Column A++++++++Column B++++++++Column C++++++++++
++++++++++++++++++Some++++And+++++++++++++++++++++
+++++++++++++++++other+++heres++++++++++++++++++++
++++++++++++++++++text++++the+++++++++++++++++++++
++++++++++++++++++that+++other++++++++++++++++++++
+++++++++++++++++should++column+++++++++++++++++++
++++++++++++++++probably++++++++++++++++++++++++++
++++++++++++++++++wrap++++++++++++++++++++++++++++
"
`;

exports[`Columns, rows, section styles should all work together 1`] = `
"##################################################
#++++++++++++++++++++Some App++++++++++++++++++++#
#************************------------------------#
#*++++++✔︎ Step 1+++++++*|Some messages for this|#
#*+++++++◯ Step 2+++++++*|app+++++++++++++++++++|#
#*+++++++◯ Step 3+++++++*------------------------#
#************************++++++++++++++++++++++++#
#+++++++Some stuff for this app is done! 🤘+++++++#
#Heres some more informative stuff about your app#
#++++++++++++++++++++browser+++++++++++++++++++++#
#+++++++++++++++++++++↙↗ ↖↘++++++++++++++++++++++#
#------------------------------------------------#
#|++++++++server++++++++||++++++dev-server++++++|#
#|++(initial response)++||+++++(app bundle)+++++|#
#|++++localhost:3000++++||++++localhost:8080++++|#
#------------------------|websocket server (for+|#
#++++++++++++++++++++++++|+++++++++HMR)+++++++++|#
#++++++++++++++++++++++++|++++localhost:8081++++|#
#++++++++++++++++++++++++------------------------#
##################################################
"
`;
