// Jest Snapshot v1, https://goo.gl/fbAQLP

exports[`columns containing emojis should render the correct width 1`] = `
"**************************************************
*Row 1+++++++++++++++++++++++++++++++++++++++++++*
*Row 2 🎉🍾🎉++++++++++++++++++++++++++++++++++++*
**************************************************
"
`;
