// Jest Snapshot v1, https://goo.gl/fbAQLP

exports[`columns containing emojis should render the correct width 1`] = `
"**************************************************
*Row 1+++++++++++++++++++++++++++++++++++++++++++*
*Row 2 🎉🍾🎉++++++++++++++++++++++++++++++++++++*
**************************************************
"
`;

exports[`columns containing emojis should render the correct width 2`] = `
"**************************************************
*Emoji test line one, its a lont line that takes+*
*space 🤘++++++++++++++++++++++++++++++++++++++++*
*🛠 Multiple emojis in the same line! 🍾 🛫++++++*
*🛠 Some more emojis with elipsis... 🕸++++++++++*
*An emoji in the middle 🛠 thats so \\"--crazy\\"++++*
*one more for good measure... 🕸+++++++++++++++++*
**************************************************
"
`;

exports[`columns containing emojis should render the correct width 3`] = `
"**************************************************
*+++++++++++++++++++✔︎ Step 1++++++++++++++++++++*
*++++++++++++++++++++◯ Step 2++++++++++++++++++++*
*++++++++++++++++++++◯ Step 3++++++++++++++++++++*
**************************************************
"
`;
